------------------------------------------------------------
TimeQuest Timing Analyzer Summary
------------------------------------------------------------

Type  : Slow Model Setup 'CLOCK_50'
Slack : -2.686
TNS   : -49.563

Type  : Slow Model Setup 'p1|altpll_component|pll|clk[2]'
Slack : 18.853
TNS   : 0.000

Type  : Slow Model Setup 'p1|altpll_component|pll|clk[0]'
Slack : 36.114
TNS   : 0.000

Type  : Slow Model Hold 'CLOCK_50'
Slack : 0.391
TNS   : 0.000

Type  : Slow Model Hold 'p1|altpll_component|pll|clk[0]'
Slack : 0.391
TNS   : 0.000

Type  : Slow Model Hold 'p1|altpll_component|pll|clk[2]'
Slack : 0.516
TNS   : 0.000

Type  : Slow Model Recovery 'p1|altpll_component|pll|clk[0]'
Slack : -4.264
TNS   : -93.718

Type  : Slow Model Recovery 'p1|altpll_component|pll|clk[2]'
Slack : -3.708
TNS   : -29.664

Type  : Slow Model Removal 'p1|altpll_component|pll|clk[2]'
Slack : 3.480
TNS   : 0.000

Type  : Slow Model Removal 'p1|altpll_component|pll|clk[0]'
Slack : 4.027
TNS   : 0.000

Type  : Slow Model Minimum Pulse Width 'CLOCK_50'
Slack : -1.380
TNS   : -22.380

Type  : Slow Model Minimum Pulse Width 'p1|altpll_component|pll|clk[2]'
Slack : 17.714
TNS   : 0.000

Type  : Slow Model Minimum Pulse Width 'CLOCK_27'
Slack : 18.518
TNS   : 0.000

Type  : Slow Model Minimum Pulse Width 'p1|altpll_component|pll|clk[0]'
Slack : 18.841
TNS   : 0.000

Type  : Fast Model Setup 'CLOCK_50'
Slack : -0.769
TNS   : -12.954

Type  : Fast Model Setup 'p1|altpll_component|pll|clk[2]'
Slack : 24.635
TNS   : 0.000

Type  : Fast Model Setup 'p1|altpll_component|pll|clk[0]'
Slack : 37.989
TNS   : 0.000

Type  : Fast Model Hold 'CLOCK_50'
Slack : 0.215
TNS   : 0.000

Type  : Fast Model Hold 'p1|altpll_component|pll|clk[0]'
Slack : 0.215
TNS   : 0.000

Type  : Fast Model Hold 'p1|altpll_component|pll|clk[2]'
Slack : 0.238
TNS   : 0.000

Type  : Fast Model Recovery 'p1|altpll_component|pll|clk[0]'
Slack : -2.615
TNS   : -57.500

Type  : Fast Model Recovery 'p1|altpll_component|pll|clk[2]'
Slack : -2.354
TNS   : -18.832

Type  : Fast Model Removal 'p1|altpll_component|pll|clk[2]'
Slack : 2.236
TNS   : 0.000

Type  : Fast Model Removal 'p1|altpll_component|pll|clk[0]'
Slack : 2.494
TNS   : 0.000

Type  : Fast Model Minimum Pulse Width 'CLOCK_50'
Slack : -1.380
TNS   : -22.380

Type  : Fast Model Minimum Pulse Width 'p1|altpll_component|pll|clk[2]'
Slack : 17.714
TNS   : 0.000

Type  : Fast Model Minimum Pulse Width 'CLOCK_27'
Slack : 18.518
TNS   : 0.000

Type  : Fast Model Minimum Pulse Width 'p1|altpll_component|pll|clk[0]'
Slack : 18.841
TNS   : 0.000

------------------------------------------------------------
